com.answerdigital.answerking.integration.controller.ProductControllerIntegrationTests.getAllProductsTest=[
  "[{\"id\":1,\"name\":\"Burger\",\"description\":\"300g Beef\",\"price\":6.69,\"category\":{\"id\":1,\"name\":\"CatOne\",\"description\":\"CatOne description\"},\"retired\":false},{\"id\":2,\"name\":\"Cola\",\"description\":\"500ml\",\"price\":2.99,\"category\":{\"id\":2,\"name\":\"CatTwo\",\"description\":\"CatTwo description\"},\"retired\":false},{\"id\":3,\"name\":\"Fries\",\"description\":\"Large Fries\",\"price\":2.99,\"category\":{\"id\":1,\"name\":\"CatOne\",\"description\":\"CatOne description\"},\"retired\":false}]"
]